
> powerpod-project-manager@0.0.0 build
> vite build && cp public/CNAME dist/CNAME

[36mvite v7.3.1 [32mbuilding client environment for production...[36m[39m
transforming...
[32mΓ£ô[39m 138 modules transformed.
rendering chunks...
computing gzip size...
[2mdist/[22m[32mindex.html                 [39m[1m[2m    1.01 kB[22m[1m[22m[2m Γöé gzip:   0.57 kB[22m
[2mdist/[22m[32massets/logo-CCauE8Vp.svg   [39m[1m[2m  279.62 kB[22m[1m[22m[2m Γöé gzip:  95.73 kB[22m
[2mdist/[22m[35massets/index-BvavcXHT.css  [39m[1m[2m   45.94 kB[22m[1m[22m[2m Γöé gzip:   8.81 kB[22m
[2mdist/[22m[36massets/index-DZsHvngT.js   [39m[1m[33m1,419.29 kB[39m[22m[2m Γöé gzip: 409.07 kB[22m
node.exe : [33m
At line:1 char:1
+ & "C:\Program 
Files\nodejs/node.exe" "C:\Program 
Files\nodejs/node_mo ...
+ ~~~~~~~~~~~~~~~~~~~~~~~~~~~~~~~~~~~
~~~~~~~~~~~~~~~~~~~~~~~~~~~~~~~~~~
    + CategoryInfo          : NotSpe 
   cified: ([33m:String) [], Remot  
  eException
    + FullyQualifiedErrorId : Native 
   CommandError
 
(!) Some chunks are larger than 500 
kB after minification. Consider:
- Using dynamic import() to 
code-split the application
- Use build.rollupOptions.output.manu
alChunks to improve chunking: https:/
/rollupjs.org/configuration-options/#
output-manualchunks
- Adjust chunk size limit for this 
warning via 
build.chunkSizeWarningLimit.[39m
[32mΓ£ô built in 2.93s[39m
'cp' is not recognized as an 
internal or external command,
operable program or batch file.
